04-20 15:04:15.368 15789 15789 I InsetsController: onStateChanged: host=com.xandeflix.app/com.xandeflix.app.MainActivity, from=android.view.ViewRootImpl.onInsetsStateChanged:3026, state=InsetsState: {mDisplayFrame=Rect(0, 0 - 2560, 1600), mDisplayCutout=DisplayCutout{insets=Rect(0, 0 - 0, 0) waterfall=Insets{left=0, top=0, right=0, bottom=0} boundingRect={Bounds=[Rect(0, 0 - 0, 0), Rect(0, 0 - 0, 0), Rect(0, 0 - 0, 0), Rect(0, 0 - 0, 0)]} cutoutPathParserInfo={CutoutPathParserInfo{displayWidth=0 displayHeight=0 physicalDisplayWidth=0 physicalDisplayHeight=0 density={0.0} cutoutSpec={} rotation={0} scale={0.0} physicalPixelDisplaySizeRatio={0.0}}} sideOverrides=null}, mRoundedCorners=RoundedCorners{[RoundedCorner{position=TopLeft, radius=24, center=Point(24, 24)}, RoundedCorner{position=TopRight, radius=24, center=Point(2536, 24)}, RoundedCorner{position=BottomRight, radius=24, center=Point(2536, 1576)}, RoundedCorner{position=BottomLeft, radius=24, center=Point(24, 1576)}]}  mRoundedCornerFrame=Rect(0, 0 - 2560, 1600), mPrivacyIndicatorBounds=PrivacyIndicatorBounds {static bounds=Rect(2477, 0 - 2560, 56) rotation=1}, mDisplayShape=DisplayShape{ spec=-311912193 displayWidth=1600 displayHeight=2560 physicalPixelDisplaySizeRatio=1.0 rotation=1 offsetX=0 offsetY=0 scale=1.0}, mSources= { InsetsSource: {b16a0000 mType=statusBars mFrame=[0,0][2560,56] mVisible=false mFlags= mSideHint=TOP mBoundingRects=null}, InsetsSource: {b16a0005 mType=mandatorySystemGestures mFrame=[0,0][2560,56] mVisible=true mFlags= mSideHint=TOP mBoundingRects=null}, InsetsSource: {b16a0006 mType=tappableElement mFrame=[0,0][2560,56] mVisible=true mFlags= mSideHint=TOP mBoundingRects=null}, InsetsSource: {c24f0001 mType=navigationBars mFrame=[0,1510][2560,1600] mVisible=false mFlags= mSideHint=BOTTOM mBoundingRects=null}, InsetsSource: {c24f0004 mType=systemGestures mFrame=[0,0][0,0] mVisible=true mFlags= mSideHint=NONE mBoundingRects=null}, InsetsSource: {c24f0005 mType=mandatorySystemGestures mFrame=[0,1510][2560,1600] mVisible=true mFlags= mSideHint=BOTTOM mBoundingRects=null}, InsetsSource: {c24f0006 mType=tappableElement mFrame=[0,1510][2560,1600] mVisible=true mFlags= mSideHint=BOTTOM mBoundingRects=null}, InsetsSource: {c24f0024 mType=systemGestures mFrame=[0,0][0,0] mVisible=true mFlags= mSideHint=NONE mBoundingRects=null}, InsetsSource: {3 mType=ime mFrame=[0,0][0,0] mVisible=false mFlags= mSideHint=NONE mBoundingRects=null} }
04-20 15:04:15.369 15789 15789 I VRI[MainActivity]@431bafb: handleResized, frames=ClientWindowFrames{frame=[0,0][2560,1600] display=[0,0][2560,1600] parentFrame=[0,0][0,0]} displayId=0 dragResizing=false compatScale=1.0 frameChanged=false attachedFrameChanged=false configChanged=false displayChanged=false compatScaleChanged=false dragResizingChanged=false
04-20 15:04:15.373 15789 15789 I View    : setRequestedFrameRate frameRate=-4.0, this=com.getcapacitor.CapacitorWebView{be47855 VFEDHVC.. .F...... 0,0-2560,1600 #7f0a021c app:id/webview aid=1073741824}, caller=android.view.ViewGroup.setRequestedFrameRate:9952 WV.sf.p:1 WV.sg.h:119 WV.sg.onDraw:7 com.android.webview.chromium.WebViewChromium.onDraw:19 
04-20 15:04:15.411 15789 15789 I InsetsController: cancelAnimation: types=statusBars, animType=1, host=com.xandeflix.app/com.xandeflix.app.MainActivity, from=android.view.InsetsController.notifyFinished:2006 android.view.InsetsAnimationThreadControlRunner$1.lambda$notifyFinished$0:82 android.view.InsetsAnimationThreadControlRunner$1.$r8$lambda$cDFF0h4Ncq-8EXdGszv69jrUu7c:0 
04-20 15:04:15.415 15789 15789 I View    : setRequestedFrameRate frameRate=-4.0, this=com.getcapacitor.CapacitorWebView{be47855 VFEDHVC.. .F...... 0,0-2560,1600 #7f0a021c app:id/webview aid=1073741824}, caller=android.view.ViewGroup.setRequestedFrameRate:9952 WV.sf.p:1 WV.sg.h:119 WV.sg.onDraw:7 com.android.webview.chromium.WebViewChromium.onDraw:19 
04-20 15:04:15.558 15789 15789 I InsetsController: cancelAnimation: types=navigationBars, animType=1, host=com.xandeflix.app/com.xandeflix.app.MainActivity, from=android.view.InsetsController.notifyFinished:2006 android.view.InsetsAnimationThreadControlRunner$1.lambda$notifyFinished$0:82 android.view.InsetsAnimationThreadControlRunner$1.$r8$lambda$cDFF0h4Ncq-8EXdGszv69jrUu7c:0 
04-20 15:04:15.560 15789 15789 I View    : setRequestedFrameRate frameRate=-4.0, this=com.getcapacitor.CapacitorWebView{be47855 VFEDHVC.. .F...... 0,0-2560,1600 #7f0a021c app:id/webview aid=1073741824}, caller=android.view.ViewGroup.setRequestedFrameRate:9952 WV.sf.p:1 WV.sg.h:119 WV.sg.onDraw:7 com.android.webview.chromium.WebViewChromium.onDraw:19 
04-20 15:04:15.605 15789 15789 I View    : setRequestedFrameRate frameRate=-4.0, this=com.getcapacitor.CapacitorWebView{be47855 VFEDHVC.. .F...... 0,0-2560,1600 #7f0a021c app:id/webview aid=1073741824}, caller=android.view.ViewGroup.setRequestedFrameRate:9952 WV.sf.p:1 WV.sg.h:119 WV.sg.onDraw:7 com.android.webview.chromium.WebViewChromium.onDraw:19 
04-20 15:04:15.609 15789 15890 D Capacitor: Handling CapacitorHttp request: https://localhost/_capacitor_http_interceptor_?u=https%3A%2F%2Fvvmsmrcyovwnfstohbiv.supabase.co%2Frest%2Fv1%2Fxandeflix_users%3Fselect%3D*%26auth_user_id%3Deq.a8dd961a-a3ad-425e-a36b-41e1b1865d79
04-20 15:04:15.617 15789 15890 I CapacitorCookies: Getting cookies at: 'https://vvmsmrcyovwnfstohbiv.supabase.co/rest/v1/xandeflix_users?select=*&auth_user_id=eq.a8dd961a-a3ad-425e-a36b-41e1b1865d79'
04-20 15:04:15.622 15789 15789 I View    : setRequestedFrameRate frameRate=-4.0, this=com.getcapacitor.CapacitorWebView{be47855 VFEDHVC.. .F...... 0,0-2560,1600 #7f0a021c app:id/webview aid=1073741824}, caller=android.view.ViewGroup.setRequestedFrameRate:9952 WV.sf.p:1 WV.sg.h:119 WV.sg.onDraw:7 com.android.webview.chromium.WebViewChromium.onDraw:19 
04-20 15:04:15.628 15789 15893 D Capacitor: Handling CapacitorHttp request: https://localhost/_capacitor_http_interceptor_?u=https%3A%2F%2Fvvmsmrcyovwnfstohbiv.supabase.co%2Frest%2Fv1%2Fxandeflix_users%3Fselect%3D*%26auth_user_id%3Deq.a8dd961a-a3ad-425e-a36b-41e1b1865d79
04-20 15:04:15.634 15789 15893 I CapacitorCookies: Getting cookies at: 'https://vvmsmrcyovwnfstohbiv.supabase.co/rest/v1/xandeflix_users?select=*&auth_user_id=eq.a8dd961a-a3ad-425e-a36b-41e1b1865d79'
04-20 15:04:15.640 15789 15789 I View    : setRequestedFrameRate frameRate=-4.0, this=com.getcapacitor.CapacitorWebView{be47855 VFEDHVC.. .F...... 0,0-2560,1600 #7f0a021c app:id/webview aid=1073741824}, caller=android.view.ViewGroup.setRequestedFrameRate:9952 WV.sf.p:1 WV.sg.h:119 WV.sg.onDraw:7 com.android.webview.chromium.WebViewChromium.onDraw:19 
04-20 15:04:15.651 15789 15894 D Capacitor: Handling CapacitorHttp request: https://localhost/_capacitor_http_interceptor_?u=https%3A%2F%2Fvvmsmrcyovwnfstohbiv.supabase.co%2Frest%2Fv1%2Fxandeflix_users%3Fselect%3D*%26auth_user_id%3Deq.a8dd961a-a3ad-425e-a36b-41e1b1865d79
04-20 15:04:15.653 15789 15789 I View    : setRequestedFrameRate frameRate=-4.0, this=com.getcapacitor.CapacitorWebView{be47855 VFEDHVC.. .F...... 0,0-2560,1600 #7f0a021c app:id/webview aid=1073741824}, caller=android.view.ViewGroup.setRequestedFrameRate:9952 WV.sf.p:1 WV.sg.h:119 WV.sg.onDraw:7 com.android.webview.chromium.WebViewChromium.onDraw:19 
04-20 15:04:15.663 15789 15789 I View    : setRequestedFrameRate frameRate=-4.0, this=com.getcapacitor.CapacitorWebView{be47855 VFEDHVC.. .F...... 0,0-2560,1600 #7f0a021c app:id/webview aid=1073741824}, caller=android.view.ViewGroup.setRequestedFrameRate:9952 WV.sf.p:1 WV.sg.h:119 WV.sg.onDraw:7 com.android.webview.chromium.WebViewChromium.onDraw:19 
04-20 15:04:15.666 15789 15894 I CapacitorCookies: Getting cookies at: 'https://vvmsmrcyovwnfstohbiv.supabase.co/rest/v1/xandeflix_users?select=*&auth_user_id=eq.a8dd961a-a3ad-425e-a36b-41e1b1865d79'
04-20 15:04:15.679 15789 15789 I View    : setRequestedFrameRate frameRate=-4.0, this=com.getcapacitor.CapacitorWebView{be47855 VFEDHVC.. .F...... 0,0-2560,1600 #7f0a021c app:id/webview aid=1073741824}, caller=android.view.ViewGroup.setRequestedFrameRate:9952 WV.sf.p:1 WV.sg.h:119 WV.sg.onDraw:7 com.android.webview.chromium.WebViewChromium.onDraw:19 
04-20 15:04:15.694 15789 15789 I View    : setRequestedFrameRate frameRate=-4.0, this=com.getcapacitor.CapacitorWebView{be47855 VFEDHVC.. .F...... 0,0-2560,1600 #7f0a021c app:id/webview aid=1073741824}, caller=android.view.ViewGroup.setRequestedFrameRate:9952 WV.sf.p:1 WV.sg.h:119 WV.sg.onDraw:7 com.android.webview.chromium.WebViewChromium.onDraw:19 
04-20 15:04:15.726 15789 15789 I View    : setRequestedFrameRate frameRate=-4.0, this=com.getcapacitor.CapacitorWebView{be47855 VFEDHVC.. .F...... 0,0-2560,1600 #7f0a021c app:id/webview aid=1073741824}, caller=android.view.ViewGroup.setRequestedFrameRate:9952 WV.sf.p:1 WV.sg.h:119 WV.sg.onDraw:7 com.android.webview.chromium.WebViewChromium.onDraw:19 
04-20 15:04:15.757 15789 15789 I View    : setRequestedFrameRate frameRate=-4.0, this=com.getcapacitor.CapacitorWebView{be47855 VFEDHVC.. .F...... 0,0-2560,1600 #7f0a021c app:id/webview aid=1073741824}, caller=android.view.ViewGroup.setRequestedFrameRate:9952 WV.sf.p:1 WV.sg.h:119 WV.sg.onDraw:7 com.android.webview.chromium.WebViewChromium.onDraw:19 
04-20 15:04:15.771 15789 15789 I View    : setRequestedFrameRate frameRate=-4.0, this=com.getcapacitor.CapacitorWebView{be47855 VFEDHVC.. .F...... 0,0-2560,1600 #7f0a021c app:id/webview aid=1073741824}, caller=android.view.ViewGroup.setRequestedFrameRate:9952 WV.sf.p:1 WV.sg.h:119 WV.sg.onDraw:7 com.android.webview.chromium.WebViewChromium.onDraw:19 
04-20 15:04:15.797 15789 15789 I View    : setRequestedFrameRate frameRate=-4.0, this=com.getcapacitor.CapacitorWebView{be47855 VFEDHVC.. .F...... 0,0-2560,1600 #7f0a021c app:id/webview aid=1073741824}, caller=android.view.ViewGroup.setRequestedFrameRate:9952 WV.sf.p:1 WV.sg.h:119 WV.sg.onDraw:7 com.android.webview.chromium.WebViewChromium.onDraw:19 
04-20 15:04:15.813 15789 15789 I View    : setRequestedFrameRate frameRate=-4.0, this=com.getcapacitor.CapacitorWebView{be47855 VFEDHVC.. .F...... 0,0-2560,1600 #7f0a021c app:id/webview aid=1073741824}, caller=android.view.ViewGroup.setRequestedFrameRate:9952 WV.sf.p:1 WV.sg.h:119 WV.sg.onDraw:7 com.android.webview.chromium.WebViewChromium.onDraw:19 
04-20 15:04:15.835 15789 15789 I View    : setRequestedFrameRate frameRate=-4.0, this=com.getcapacitor.CapacitorWebView{be47855 VFEDHVC.. .F...... 0,0-2560,1600 #7f0a021c app:id/webview aid=1073741824}, caller=android.view.ViewGroup.setRequestedFrameRate:9952 WV.sf.p:1 WV.sg.h:119 WV.sg.onDraw:7 com.android.webview.chromium.WebViewChromium.onDraw:19 
04-20 15:04:15.841 15789 15789 I View    : setRequestedFrameRate frameRate=-4.0, this=com.getcapacitor.CapacitorWebView{be47855 VFEDHVC.. .F...... 0,0-2560,1600 #7f0a021c app:id/webview aid=1073741824}, caller=android.view.ViewGroup.setRequestedFrameRate:9952 WV.sf.p:1 WV.sg.h:119 WV.sg.onDraw:7 com.android.webview.chromium.WebViewChromium.onDraw:19 
04-20 15:04:15.870 15789 15789 I View    : setRequestedFrameRate frameRate=-4.0, this=com.getcapacitor.CapacitorWebView{be47855 VFEDHVC.. .F...... 0,0-2560,1600 #7f0a021c app:id/webview aid=1073741824}, caller=android.view.ViewGroup.setRequestedFrameRate:9952 WV.sf.p:1 WV.sg.h:119 WV.sg.onDraw:7 com.android.webview.chromium.WebViewChromium.onDraw:19 
04-20 15:04:15.884 15789 15789 I View    : setRequestedFrameRate frameRate=-4.0, this=com.getcapacitor.CapacitorWebView{be47855 VFEDHVC.. .F...... 0,0-2560,1600 #7f0a021c app:id/webview aid=1073741824}, caller=android.view.ViewGroup.setRequestedFrameRate:9952 WV.sf.p:1 WV.sg.h:119 WV.sg.onDraw:7 com.android.webview.chromium.WebViewChromium.onDraw:19 
04-20 15:04:15.896 15789 15789 I View    : setRequestedFrameRate frameRate=-4.0, this=com.getcapacitor.CapacitorWebView{be47855 VFEDHVC.. .F...... 0,0-2560,1600 #7f0a021c app:id/webview aid=1073741824}, caller=android.view.ViewGroup.setRequestedFrameRate:9952 WV.sf.p:1 WV.sg.h:119 WV.sg.onDraw:7 com.android.webview.chromium.WebViewChromium.onDraw:19 
04-20 15:04:15.911 15789 15789 I View    : setRequestedFrameRate frameRate=-4.0, this=com.getcapacitor.CapacitorWebView{be47855 VFEDHVC.. .F...... 0,0-2560,1600 #7f0a021c app:id/webview aid=1073741824}, caller=android.view.ViewGroup.setRequestedFrameRate:9952 WV.sf.p:1 WV.sg.h:119 WV.sg.onDraw:7 com.android.webview.chromium.WebViewChromium.onDraw:19 
04-20 15:04:15.925 15789 15789 I View    : setRequestedFrameRate frameRate=-4.0, this=com.getcapacitor.CapacitorWebView{be47855 VFEDHVC.. .F...... 0,0-2560,1600 #7f0a021c app:id/webview aid=1073741824}, caller=android.view.ViewGroup.setRequestedFrameRate:9952 WV.sf.p:1 WV.sg.h:119 WV.sg.onDraw:7 com.android.webview.chromium.WebViewChromium.onDraw:19 
04-20 15:04:15.941 15789 15789 I View    : setRequestedFrameRate frameRate=-4.0, this=com.getcapacitor.CapacitorWebView{be47855 VFEDHVC.. .F...... 0,0-2560,1600 #7f0a021c app:id/webview aid=1073741824}, caller=android.view.ViewGroup.setRequestedFrameRate:9952 WV.sf.p:1 WV.sg.h:119 WV.sg.onDraw:7 com.android.webview.chromium.WebViewChromium.onDraw:19 
04-20 15:04:15.954 15789 15789 I View    : setRequestedFrameRate frameRate=-4.0, this=com.getcapacitor.CapacitorWebView{be47855 VFEDHVC.. .F...... 0,0-2560,1600 #7f0a021c app:id/webview aid=1073741824}, caller=android.view.ViewGroup.setRequestedFrameRate:9952 WV.sf.p:1 WV.sg.h:119 WV.sg.onDraw:7 com.android.webview.chromium.WebViewChromium.onDraw:19 
04-20 15:04:15.968 15789 15789 I View    : setRequestedFrameRate frameRate=-4.0, this=com.getcapacitor.CapacitorWebView{be47855 VFEDHVC.. .F...... 0,0-2560,1600 #7f0a021c app:id/webview aid=1073741824}, caller=android.view.ViewGroup.setRequestedFrameRate:9952 WV.sf.p:1 WV.sg.h:119 WV.sg.onDraw:7 com.android.webview.chromium.WebViewChromium.onDraw:19 
04-20 15:04:15.981 15789 15789 I View    : setRequestedFrameRate frameRate=-4.0, this=com.getcapacitor.CapacitorWebView{be47855 VFEDHVC.. .F...... 0,0-2560,1600 #7f0a021c app:id/webview aid=1073741824}, caller=android.view.ViewGroup.setRequestedFrameRate:9952 WV.sf.p:1 WV.sg.h:119 WV.sg.onDraw:7 com.android.webview.chromium.WebViewChromium.onDraw:19 
04-20 15:04:15.995 15789 15789 I View    : setRequestedFrameRate frameRate=-4.0, this=com.getcapacitor.CapacitorWebView{be47855 VFEDHVC.. .F...... 0,0-2560,1600 #7f0a021c app:id/webview aid=1073741824}, caller=android.view.ViewGroup.setRequestedFrameRate:9952 WV.sf.p:1 WV.sg.h:119 WV.sg.onDraw:7 com.android.webview.chromium.WebViewChromium.onDraw:19 
04-20 15:04:16.010 15789 15789 I View    : setRequestedFrameRate frameRate=-4.0, this=com.getcapacitor.CapacitorWebView{be47855 VFEDHVC.. .F...... 0,0-2560,1600 #7f0a021c app:id/webview aid=1073741824}, caller=android.view.ViewGroup.setRequestedFrameRate:9952 WV.sf.p:1 WV.sg.h:119 WV.sg.onDraw:7 com.android.webview.chromium.WebViewChromium.onDraw:19 
04-20 15:04:16.022 15789 15789 I View    : setRequestedFrameRate frameRate=-4.0, this=com.getcapacitor.CapacitorWebView{be47855 VFEDHVC.. .F...... 0,0-2560,1600 #7f0a021c app:id/webview aid=1073741824}, caller=android.view.ViewGroup.setRequestedFrameRate:9952 WV.sf.p:1 WV.sg.h:119 WV.sg.onDraw:7 com.android.webview.chromium.WebViewChromium.onDraw:19 
04-20 15:04:16.049 15789 15789 I View    : setRequestedFrameRate frameRate=-4.0, this=com.getcapacitor.CapacitorWebView{be47855 VFEDHVC.. .F...... 0,0-2560,1600 #7f0a021c app:id/webview aid=1073741824}, caller=android.view.ViewGroup.setRequestedFrameRate:9952 WV.sf.p:1 WV.sg.h:119 WV.sg.onDraw:7 com.android.webview.chromium.WebViewChromium.onDraw:19 
04-20 15:04:16.062 15789 15789 I View    : setRequestedFrameRate frameRate=-4.0, this=com.getcapacitor.CapacitorWebView{be47855 VFEDHVC.. .F...... 0,0-2560,1600 #7f0a021c app:id/webview aid=1073741824}, caller=android.view.ViewGroup.setRequestedFrameRate:9952 WV.sf.p:1 WV.sg.h:119 WV.sg.onDraw:7 com.android.webview.chromium.WebViewChromium.onDraw:19 
04-20 15:04:16.076 15789 15789 I View    : setRequestedFrameRate frameRate=-4.0, this=com.getcapacitor.CapacitorWebView{be47855 VFEDHVC.. .F...... 0,0-2560,1600 #7f0a021c app:id/webview aid=1073741824}, caller=android.view.ViewGroup.setRequestedFrameRate:9952 WV.sf.p:1 WV.sg.h:119 WV.sg.onDraw:7 com.android.webview.chromium.WebViewChromium.onDraw:19 
04-20 15:04:16.090 15789 15789 I View    : setRequestedFrameRate frameRate=-4.0, this=com.getcapacitor.CapacitorWebView{be47855 VFEDHVC.. .F...... 0,0-2560,1600 #7f0a021c app:id/webview aid=1073741824}, caller=android.view.ViewGroup.setRequestedFrameRate:9952 WV.sf.p:1 WV.sg.h:119 WV.sg.onDraw:7 com.android.webview.chromium.WebViewChromium.onDraw:19 
04-20 15:04:16.103 15789 15789 I View    : setRequestedFrameRate frameRate=-4.0, this=com.getcapacitor.CapacitorWebView{be47855 VFEDHVC.. .F...... 0,0-2560,1600 #7f0a021c app:id/webview aid=1073741824}, caller=android.view.ViewGroup.setRequestedFrameRate:9952 WV.sf.p:1 WV.sg.h:119 WV.sg.onDraw:7 com.android.webview.chromium.WebViewChromium.onDraw:19 
04-20 15:04:16.115 15789 15789 I View    : setRequestedFrameRate frameRate=-4.0, this=com.getcapacitor.CapacitorWebView{be47855 VFEDHVC.. .F...... 0,0-2560,1600 #7f0a021c app:id/webview aid=1073741824}, caller=android.view.ViewGroup.setRequestedFrameRate:9952 WV.sf.p:1 WV.sg.h:119 WV.sg.onDraw:7 com.android.webview.chromium.WebViewChromium.onDraw:19 
04-20 15:04:16.128 15789 15789 I View    : setRequestedFrameRate frameRate=-4.0, this=com.getcapacitor.CapacitorWebView{be47855 VFEDHVC.. .F...... 0,0-2560,1600 #7f0a021c app:id/webview aid=1073741824}, caller=android.view.ViewGroup.setRequestedFrameRate:9952 WV.sf.p:1 WV.sg.h:119 WV.sg.onDraw:7 com.android.webview.chromium.WebViewChromium.onDraw:19 
04-20 15:04:16.141 15789 15789 I View    : setRequestedFrameRate frameRate=-4.0, this=com.getcapacitor.CapacitorWebView{be47855 VFEDHVC.. .F...... 0,0-2560,1600 #7f0a021c app:id/webview aid=1073741824}, caller=android.view.ViewGroup.setRequestedFrameRate:9952 WV.sf.p:1 WV.sg.h:119 WV.sg.onDraw:7 com.android.webview.chromium.WebViewChromium.onDraw:19 
04-20 15:04:16.154 15789 15789 I View    : setRequestedFrameRate frameRate=-4.0, this=com.getcapacitor.CapacitorWebView{be47855 VFEDHVC.. .F...... 0,0-2560,1600 #7f0a021c app:id/webview aid=1073741824}, caller=android.view.ViewGroup.setRequestedFrameRate:9952 WV.sf.p:1 WV.sg.h:119 WV.sg.onDraw:7 com.android.webview.chromium.WebViewChromium.onDraw:19 
04-20 15:04:16.169 15789 15789 I View    : setRequestedFrameRate frameRate=-4.0, this=com.getcapacitor.CapacitorWebView{be47855 VFEDHVC.. .F...... 0,0-2560,1600 #7f0a021c app:id/webview aid=1073741824}, caller=android.view.ViewGroup.setRequestedFrameRate:9952 WV.sf.p:1 WV.sg.h:119 WV.sg.onDraw:7 com.android.webview.chromium.WebViewChromium.onDraw:19 
04-20 15:04:16.183 15789 15789 I View    : setRequestedFrameRate frameRate=-4.0, this=com.getcapacitor.CapacitorWebView{be47855 VFEDHVC.. .F...... 0,0-2560,1600 #7f0a021c app:id/webview aid=1073741824}, caller=android.view.ViewGroup.setRequestedFrameRate:9952 WV.sf.p:1 WV.sg.h:119 WV.sg.onDraw:7 com.android.webview.chromium.WebViewChromium.onDraw:19 
04-20 15:04:16.195 15789 15789 I View    : setRequestedFrameRate frameRate=-4.0, this=com.getcapacitor.CapacitorWebView{be47855 VFEDHVC.. .F...... 0,0-2560,1600 #7f0a021c app:id/webview aid=1073741824}, caller=android.view.ViewGroup.setRequestedFrameRate:9952 WV.sf.p:1 WV.sg.h:119 WV.sg.onDraw:7 com.android.webview.chromium.WebViewChromium.onDraw:19 
04-20 15:04:16.207 15789 15789 I View    : setRequestedFrameRate frameRate=-4.0, this=com.getcapacitor.CapacitorWebView{be47855 VFEDHVC.. .F...... 0,0-2560,1600 #7f0a021c app:id/webview aid=1073741824}, caller=android.view.ViewGroup.setRequestedFrameRate:9952 WV.sf.p:1 WV.sg.h:119 WV.sg.onDraw:7 com.android.webview.chromium.WebViewChromium.onDraw:19 
04-20 15:04:16.221 15789 15789 I View    : setRequestedFrameRate frameRate=-4.0, this=com.getcapacitor.CapacitorWebView{be47855 VFEDHVC.. .F...... 0,0-2560,1600 #7f0a021c app:id/webview aid=1073741824}, caller=android.view.ViewGroup.setRequestedFrameRate:9952 WV.sf.p:1 WV.sg.h:119 WV.sg.onDraw:7 com.android.webview.chromium.WebViewChromium.onDraw:19 
04-20 15:04:16.235 15789 15789 I View    : setRequestedFrameRate frameRate=-4.0, this=com.getcapacitor.CapacitorWebView{be47855 VFEDHVC.. .F...... 0,0-2560,1600 #7f0a021c app:id/webview aid=1073741824}, caller=android.view.ViewGroup.setRequestedFrameRate:9952 WV.sf.p:1 WV.sg.h:119 WV.sg.onDraw:7 com.android.webview.chromium.WebViewChromium.onDraw:19 
04-20 15:04:16.247 15789 15789 I View    : setRequestedFrameRate frameRate=-4.0, this=com.getcapacitor.CapacitorWebView{be47855 VFEDHVC.. .F...... 0,0-2560,1600 #7f0a021c app:id/webview aid=1073741824}, caller=android.view.ViewGroup.setRequestedFrameRate:9952 WV.sf.p:1 WV.sg.h:119 WV.sg.onDraw:7 com.android.webview.chromium.WebViewChromium.onDraw:19 
04-20 15:04:16.259 15789 15789 I View    : setRequestedFrameRate frameRate=-4.0, this=com.getcapacitor.CapacitorWebView{be47855 VFEDHVC.. .F...... 0,0-2560,1600 #7f0a021c app:id/webview aid=1073741824}, caller=android.view.ViewGroup.setRequestedFrameRate:9952 WV.sf.p:1 WV.sg.h:119 WV.sg.onDraw:7 com.android.webview.chromium.WebViewChromium.onDraw:19 
04-20 15:04:16.271 15789 15789 I View    : setRequestedFrameRate frameRate=-4.0, this=com.getcapacitor.CapacitorWebView{be47855 VFEDHVC.. .F...... 0,0-2560,1600 #7f0a021c app:id/webview aid=1073741824}, caller=android.view.ViewGroup.setRequestedFrameRate:9952 WV.sf.p:1 WV.sg.h:119 WV.sg.onDraw:7 com.android.webview.chromium.WebViewChromium.onDraw:19 
04-20 15:04:16.283 15789 15789 I View    : setRequestedFrameRate frameRate=-4.0, this=com.getcapacitor.CapacitorWebView{be47855 VFEDHVC.. .F...... 0,0-2560,1600 #7f0a021c app:id/webview aid=1073741824}, caller=android.view.ViewGroup.setRequestedFrameRate:9952 WV.sf.p:1 WV.sg.h:119 WV.sg.onDraw:7 com.android.webview.chromium.WebViewChromium.onDraw:19 
04-20 15:04:16.295 15789 15789 I View    : setRequestedFrameRate frameRate=-4.0, this=com.getcapacitor.CapacitorWebView{be47855 VFEDHVC.. .F...... 0,0-2560,1600 #7f0a021c app:id/webview aid=1073741824}, caller=android.view.ViewGroup.setRequestedFrameRate:9952 WV.sf.p:1 WV.sg.h:119 WV.sg.onDraw:7 com.android.webview.chromium.WebViewChromium.onDraw:19 
04-20 15:04:16.310 15789 15789 I View    : setRequestedFrameRate frameRate=-4.0, this=com.getcapacitor.CapacitorWebView{be47855 VFEDHVC.. .F...... 0,0-2560,1600 #7f0a021c app:id/webview aid=1073741824}, caller=android.view.ViewGroup.setRequestedFrameRate:9952 WV.sf.p:1 WV.sg.h:119 WV.sg.onDraw:7 com.android.webview.chromium.WebViewChromium.onDraw:19 
04-20 15:04:16.322 15789 15789 I View    : setRequestedFrameRate frameRate=-4.0, this=com.getcapacitor.CapacitorWebView{be47855 VFEDHVC.. .F...... 0,0-2560,1600 #7f0a021c app:id/webview aid=1073741824}, caller=android.view.ViewGroup.setRequestedFrameRate:9952 WV.sf.p:1 WV.sg.h:119 WV.sg.onDraw:7 com.android.webview.chromium.WebViewChromium.onDraw:19 
04-20 15:04:16.333 15789 15789 I View    : setRequestedFrameRate frameRate=-4.0, this=com.getcapacitor.CapacitorWebView{be47855 VFEDHVC.. .F...... 0,0-2560,1600 #7f0a021c app:id/webview aid=1073741824}, caller=android.view.ViewGroup.setRequestedFrameRate:9952 WV.sf.p:1 WV.sg.h:119 WV.sg.onDraw:7 com.android.webview.chromium.WebViewChromium.onDraw:19 
04-20 15:04:16.345 15789 15789 I View    : setRequestedFrameRate frameRate=-4.0, this=com.getcapacitor.CapacitorWebView{be47855 VFEDHVC.. .F...... 0,0-2560,1600 #7f0a021c app:id/webview aid=1073741824}, caller=android.view.ViewGroup.setRequestedFrameRate:9952 WV.sf.p:1 WV.sg.h:119 WV.sg.onDraw:7 com.android.webview.chromium.WebViewChromium.onDraw:19 
04-20 15:04:16.357 15789 15789 I View    : setRequestedFrameRate frameRate=-4.0, this=com.getcapacitor.CapacitorWebView{be47855 VFEDHVC.. .F...... 0,0-2560,1600 #7f0a021c app:id/webview aid=1073741824}, caller=android.view.ViewGroup.setRequestedFrameRate:9952 WV.sf.p:1 WV.sg.h:119 WV.sg.onDraw:7 com.android.webview.chromium.WebViewChromium.onDraw:19 
04-20 15:04:16.370 15789 15789 I View    : setRequestedFrameRate frameRate=-4.0, this=com.getcapacitor.CapacitorWebView{be47855 VFEDHVC.. .F...... 0,0-2560,1600 #7f0a021c app:id/webview aid=1073741824}, caller=android.view.ViewGroup.setRequestedFrameRate:9952 WV.sf.p:1 WV.sg.h:119 WV.sg.onDraw:7 com.android.webview.chromium.WebViewChromium.onDraw:19 
04-20 15:04:16.383 15789 15789 I View    : setRequestedFrameRate frameRate=-4.0, this=com.getcapacitor.CapacitorWebView{be47855 VFEDHVC.. .F...... 0,0-2560,1600 #7f0a021c app:id/webview aid=1073741824}, caller=android.view.ViewGroup.setRequestedFrameRate:9952 WV.sf.p:1 WV.sg.h:119 WV.sg.onDraw:7 com.android.webview.chromium.WebViewChromium.onDraw:19 
04-20 15:04:16.395 15789 15789 I View    : setRequestedFrameRate frameRate=-4.0, this=com.getcapacitor.CapacitorWebView{be47855 VFEDHVC.. .F...... 0,0-2560,1600 #7f0a021c app:id/webview aid=1073741824}, caller=android.view.ViewGroup.setRequestedFrameRate:9952 WV.sf.p:1 WV.sg.h:119 WV.sg.onDraw:7 com.android.webview.chromium.WebViewChromium.onDraw:19 
04-20 15:04:16.407 15789 15789 I View    : setRequestedFrameRate frameRate=-4.0, this=com.getcapacitor.CapacitorWebView{be47855 VFEDHVC.. .F...... 0,0-2560,1600 #7f0a021c app:id/webview aid=1073741824}, caller=android.view.ViewGroup.setRequestedFrameRate:9952 WV.sf.p:1 WV.sg.h:119 WV.sg.onDraw:7 com.android.webview.chromium.WebViewChromium.onDraw:19 
04-20 15:04:16.419 15789 15789 I View    : setRequestedFrameRate frameRate=-4.0, this=com.getcapacitor.CapacitorWebView{be47855 VFEDHVC.. .F...... 0,0-2560,1600 #7f0a021c app:id/webview aid=1073741824}, caller=android.view.ViewGroup.setRequestedFrameRate:9952 WV.sf.p:1 WV.sg.h:119 WV.sg.onDraw:7 com.android.webview.chromium.WebViewChromium.onDraw:19 
04-20 15:04:16.431 15789 15789 I View    : setRequestedFrameRate frameRate=-4.0, this=com.getcapacitor.CapacitorWebView{be47855 VFEDHVC.. .F...... 0,0-2560,1600 #7f0a021c app:id/webview aid=1073741824}, caller=android.view.ViewGroup.setRequestedFrameRate:9952 WV.sf.p:1 WV.sg.h:119 WV.sg.onDraw:7 com.android.webview.chromium.WebViewChromium.onDraw:19 
04-20 15:04:16.445 15789 15789 I View    : setRequestedFrameRate frameRate=-4.0, this=com.getcapacitor.CapacitorWebView{be47855 VFEDHVC.. .F...... 0,0-2560,1600 #7f0a021c app:id/webview aid=1073741824}, caller=android.view.ViewGroup.setRequestedFrameRate:9952 WV.sf.p:1 WV.sg.h:119 WV.sg.onDraw:7 com.android.webview.chromium.WebViewChromium.onDraw:19 
04-20 15:04:16.458 15789 15789 I View    : setRequestedFrameRate frameRate=-4.0, this=com.getcapacitor.CapacitorWebView{be47855 VFEDHVC.. .F...... 0,0-2560,1600 #7f0a021c app:id/webview aid=1073741824}, caller=android.view.ViewGroup.setRequestedFrameRate:9952 WV.sf.p:1 WV.sg.h:119 WV.sg.onDraw:7 com.android.webview.chromium.WebViewChromium.onDraw:19 
04-20 15:04:16.470 15789 15789 I View    : setRequestedFrameRate frameRate=-4.0, this=com.getcapacitor.CapacitorWebView{be47855 VFEDHVC.. .F...... 0,0-2560,1600 #7f0a021c app:id/webview aid=1073741824}, caller=android.view.ViewGroup.setRequestedFrameRate:9952 WV.sf.p:1 WV.sg.h:119 WV.sg.onDraw:7 com.android.webview.chromium.WebViewChromium.onDraw:19 
04-20 15:04:16.485 15789 15789 I View    : setRequestedFrameRate frameRate=-4.0, this=com.getcapacitor.CapacitorWebView{be47855 VFEDHVC.. .F...... 0,0-2560,1600 #7f0a021c app:id/webview aid=1073741824}, caller=android.view.ViewGroup.setRequestedFrameRate:9952 WV.sf.p:1 WV.sg.h:119 WV.sg.onDraw:7 com.android.webview.chromium.WebViewChromium.onDraw:19 
04-20 15:04:16.497 15789 15789 I View    : setRequestedFrameRate frameRate=-4.0, this=com.getcapacitor.CapacitorWebView{be47855 VFEDHVC.. .F...... 0,0-2560,1600 #7f0a021c app:id/webview aid=1073741824}, caller=android.view.ViewGroup.setRequestedFrameRate:9952 WV.sf.p:1 WV.sg.h:119 WV.sg.onDraw:7 com.android.webview.chromium.WebViewChromium.onDraw:19 
04-20 15:04:16.510 15789 15789 I View    : setRequestedFrameRate frameRate=-4.0, this=com.getcapacitor.CapacitorWebView{be47855 VFEDHVC.. .F...... 0,0-2560,1600 #7f0a021c app:id/webview aid=1073741824}, caller=android.view.ViewGroup.setRequestedFrameRate:9952 WV.sf.p:1 WV.sg.h:119 WV.sg.onDraw:7 com.android.webview.chromium.WebViewChromium.onDraw:19 
04-20 15:04:16.520 15789 15789 I View    : setRequestedFrameRate frameRate=-4.0, this=com.getcapacitor.CapacitorWebView{be47855 VFEDHVC.. .F...... 0,0-2560,1600 #7f0a021c app:id/webview aid=1073741824}, caller=android.view.ViewGroup.setRequestedFrameRate:9952 WV.sf.p:1 WV.sg.h:119 WV.sg.onDraw:7 com.android.webview.chromium.WebViewChromium.onDraw:19 
04-20 15:04:16.533 15789 15789 I View    : setRequestedFrameRate frameRate=-4.0, this=com.getcapacitor.CapacitorWebView{be47855 VFEDHVC.. .F...... 0,0-2560,1600 #7f0a021c app:id/webview aid=1073741824}, caller=android.view.ViewGroup.setRequestedFrameRate:9952 WV.sf.p:1 WV.sg.h:119 WV.sg.onDraw:7 com.android.webview.chromium.WebViewChromium.onDraw:19 
04-20 15:04:16.547 15789 15789 I View    : setRequestedFrameRate frameRate=-4.0, this=com.getcapacitor.CapacitorWebView{be47855 VFEDHVC.. .F...... 0,0-2560,1600 #7f0a021c app:id/webview aid=1073741824}, caller=android.view.ViewGroup.setRequestedFrameRate:9952 WV.sf.p:1 WV.sg.h:119 WV.sg.onDraw:7 com.android.webview.chromium.WebViewChromium.onDraw:19 
04-20 15:04:16.559 15789 15789 I View    : setRequestedFrameRate frameRate=-4.0, this=com.getcapacitor.CapacitorWebView{be47855 VFEDHVC.. .F...... 0,0-2560,1600 #7f0a021c app:id/webview aid=1073741824}, caller=android.view.ViewGroup.setRequestedFrameRate:9952 WV.sf.p:1 WV.sg.h:119 WV.sg.onDraw:7 com.android.webview.chromium.WebViewChromium.onDraw:19 
04-20 15:04:16.571 15789 15789 I View    : setRequestedFrameRate frameRate=-4.0, this=com.getcapacitor.CapacitorWebView{be47855 VFEDHVC.. .F...... 0,0-2560,1600 #7f0a021c app:id/webview aid=1073741824}, caller=android.view.ViewGroup.setRequestedFrameRate:9952 WV.sf.p:1 WV.sg.h:119 WV.sg.onDraw:7 com.android.webview.chromium.WebViewChromium.onDraw:19 
04-20 15:04:16.584 15789 15789 I View    : setRequestedFrameRate frameRate=-4.0, this=com.getcapacitor.CapacitorWebView{be47855 VFEDHVC.. .F...... 0,0-2560,1600 #7f0a021c app:id/webview aid=1073741824}, caller=android.view.ViewGroup.setRequestedFrameRate:9952 WV.sf.p:1 WV.sg.h:119 WV.sg.onDraw:7 com.android.webview.chromium.WebViewChromium.onDraw:19 
04-20 15:04:16.597 15789 15789 I View    : setRequestedFrameRate frameRate=-4.0, this=com.getcapacitor.CapacitorWebView{be47855 VFEDHVC.. .F...... 0,0-2560,1600 #7f0a021c app:id/webview aid=1073741824}, caller=android.view.ViewGroup.setRequestedFrameRate:9952 WV.sf.p:1 WV.sg.h:119 WV.sg.onDraw:7 com.android.webview.chromium.WebViewChromium.onDraw:19 
04-20 15:04:16.608 15789 15789 I View    : setRequestedFrameRate frameRate=-4.0, this=com.getcapacitor.CapacitorWebView{be47855 VFEDHVC.. .F...... 0,0-2560,1600 #7f0a021c app:id/webview aid=1073741824}, caller=android.view.ViewGroup.setRequestedFrameRate:9952 WV.sf.p:1 WV.sg.h:119 WV.sg.onDraw:7 com.android.webview.chromium.WebViewChromium.onDraw:19 
04-20 15:04:16.621 15789 15789 I View    : setRequestedFrameRate frameRate=-4.0, this=com.getcapacitor.CapacitorWebView{be47855 VFEDHVC.. .F...... 0,0-2560,1600 #7f0a021c app:id/webview aid=1073741824}, caller=android.view.ViewGroup.setRequestedFrameRate:9952 WV.sf.p:1 WV.sg.h:119 WV.sg.onDraw:7 com.android.webview.chromium.WebViewChromium.onDraw:19 
04-20 15:04:16.632 15789 15789 I View    : setRequestedFrameRate frameRate=-4.0, this=com.getcapacitor.CapacitorWebView{be47855 VFEDHVC.. .F...... 0,0-2560,1600 #7f0a021c app:id/webview aid=1073741824}, caller=android.view.ViewGroup.setRequestedFrameRate:9952 WV.sf.p:1 WV.sg.h:119 WV.sg.onDraw:7 com.android.webview.chromium.WebViewChromium.onDraw:19 
04-20 15:04:16.644 15789 15789 I View    : setRequestedFrameRate frameRate=-4.0, this=com.getcapacitor.CapacitorWebView{be47855 VFEDHVC.. .F...... 0,0-2560,1600 #7f0a021c app:id/webview aid=1073741824}, caller=android.view.ViewGroup.setRequestedFrameRate:9952 WV.sf.p:1 WV.sg.h:119 WV.sg.onDraw:7 com.android.webview.chromium.WebViewChromium.onDraw:19 
04-20 15:04:16.657 15789 15789 I View    : setRequestedFrameRate frameRate=-4.0, this=com.getcapacitor.CapacitorWebView{be47855 VFEDHVC.. .F...... 0,0-2560,1600 #7f0a021c app:id/webview aid=1073741824}, caller=android.view.ViewGroup.setRequestedFrameRate:9952 WV.sf.p:1 WV.sg.h:119 WV.sg.onDraw:7 com.android.webview.chromium.WebViewChromium.onDraw:19 
04-20 15:04:16.669 15789 15789 I View    : setRequestedFrameRate frameRate=-4.0, this=com.getcapacitor.CapacitorWebView{be47855 VFEDHVC.. .F...... 0,0-2560,1600 #7f0a021c app:id/webview aid=1073741824}, caller=android.view.ViewGroup.setRequestedFrameRate:9952 WV.sf.p:1 WV.sg.h:119 WV.sg.onDraw:7 com.android.webview.chromium.WebViewChromium.onDraw:19 
04-20 15:04:16.681 15789 15789 I View    : setRequestedFrameRate frameRate=-4.0, this=com.getcapacitor.CapacitorWebView{be47855 VFEDHVC.. .F...... 0,0-2560,1600 #7f0a021c app:id/webview aid=1073741824}, caller=android.view.ViewGroup.setRequestedFrameRate:9952 WV.sf.p:1 WV.sg.h:119 WV.sg.onDraw:7 com.android.webview.chromium.WebViewChromium.onDraw:19 
04-20 15:04:16.692 15789 15789 I View    : setRequestedFrameRate frameRate=-4.0, this=com.getcapacitor.CapacitorWebView{be47855 VFEDHVC.. .F...... 0,0-2560,1600 #7f0a021c app:id/webview aid=1073741824}, caller=android.view.ViewGroup.setRequestedFrameRate:9952 WV.sf.p:1 WV.sg.h:119 WV.sg.onDraw:7 com.android.webview.chromium.WebViewChromium.onDraw:19 
04-20 15:04:16.705 15789 15789 I View    : setRequestedFrameRate frameRate=-4.0, this=com.getcapacitor.CapacitorWebView{be47855 VFEDHVC.. .F...... 0,0-2560,1600 #7f0a021c app:id/webview aid=1073741824}, caller=android.view.ViewGroup.setRequestedFrameRate:9952 WV.sf.p:1 WV.sg.h:119 WV.sg.onDraw:7 com.android.webview.chromium.WebViewChromium.onDraw:19 
04-20 15:04:16.718 15789 15789 I View    : setRequestedFrameRate frameRate=-4.0, this=com.getcapacitor.CapacitorWebView{be47855 VFEDHVC.. .F...... 0,0-2560,1600 #7f0a021c app:id/webview aid=1073741824}, caller=android.view.ViewGroup.setRequestedFrameRate:9952 WV.sf.p:1 WV.sg.h:119 WV.sg.onDraw:7 com.android.webview.chromium.WebViewChromium.onDraw:19 
04-20 15:04:16.731 15789 15789 I View    : setRequestedFrameRate frameRate=-4.0, this=com.getcapacitor.CapacitorWebView{be47855 VFEDHVC.. .F...... 0,0-2560,1600 #7f0a021c app:id/webview aid=1073741824}, caller=android.view.ViewGroup.setRequestedFrameRate:9952 WV.sf.p:1 WV.sg.h:119 WV.sg.onDraw:7 com.android.webview.chromium.WebViewChromium.onDraw:19 
04-20 15:04:16.745 15789 15789 I View    : setRequestedFrameRate frameRate=-4.0, this=com.getcapacitor.CapacitorWebView{be47855 VFEDHVC.. .F...... 0,0-2560,1600 #7f0a021c app:id/webview aid=1073741824}, caller=android.view.ViewGroup.setRequestedFrameRate:9952 WV.sf.p:1 WV.sg.h:119 WV.sg.onDraw:7 com.android.webview.chromium.WebViewChromium.onDraw:19 
04-20 15:04:16.758 15789 15789 I View    : setRequestedFrameRate frameRate=-4.0, this=com.getcapacitor.CapacitorWebView{be47855 VFEDHVC.. .F...... 0,0-2560,1600 #7f0a021c app:id/webview aid=1073741824}, caller=android.view.ViewGroup.setRequestedFrameRate:9952 WV.sf.p:1 WV.sg.h:119 WV.sg.onDraw:7 com.android.webview.chromium.WebViewChromium.onDraw:19 
04-20 15:04:16.770 15789 15789 I View    : setRequestedFrameRate frameRate=-4.0, this=com.getcapacitor.CapacitorWebView{be47855 VFEDHVC.. .F...... 0,0-2560,1600 #7f0a021c app:id/webview aid=1073741824}, caller=android.view.ViewGroup.setRequestedFrameRate:9952 WV.sf.p:1 WV.sg.h:119 WV.sg.onDraw:7 com.android.webview.chromium.WebViewChromium.onDraw:19 
04-20 15:04:16.783 15789 15789 I View    : setRequestedFrameRate frameRate=-4.0, this=com.getcapacitor.CapacitorWebView{be47855 VFEDHVC.. .F...... 0,0-2560,1600 #7f0a021c app:id/webview aid=1073741824}, caller=android.view.ViewGroup.setRequestedFrameRate:9952 WV.sf.p:1 WV.sg.h:119 WV.sg.onDraw:7 com.android.webview.chromium.WebViewChromium.onDraw:19 
04-20 15:04:16.795 15789 15789 I View    : setRequestedFrameRate frameRate=-4.0, this=com.getcapacitor.CapacitorWebView{be47855 VFEDHVC.. .F...... 0,0-2560,1600 #7f0a021c app:id/webview aid=1073741824}, caller=android.view.ViewGroup.setRequestedFrameRate:9952 WV.sf.p:1 WV.sg.h:119 WV.sg.onDraw:7 com.android.webview.chromium.WebViewChromium.onDraw:19 
04-20 15:04:16.807 15789 15789 I View    : setRequestedFrameRate frameRate=-4.0, this=com.getcapacitor.CapacitorWebView{be47855 VFEDHVC.. .F...... 0,0-2560,1600 #7f0a021c app:id/webview aid=1073741824}, caller=android.view.ViewGroup.setRequestedFrameRate:9952 WV.sf.p:1 WV.sg.h:119 WV.sg.onDraw:7 com.android.webview.chromium.WebViewChromium.onDraw:19 
04-20 15:04:16.819 15789 15789 I View    : setRequestedFrameRate frameRate=-4.0, this=com.getcapacitor.CapacitorWebView{be47855 VFEDHVC.. .F...... 0,0-2560,1600 #7f0a021c app:id/webview aid=1073741824}, caller=android.view.ViewGroup.setRequestedFrameRate:9952 WV.sf.p:1 WV.sg.h:119 WV.sg.onDraw:7 com.android.webview.chromium.WebViewChromium.onDraw:19 
04-20 15:04:16.831 15789 15789 I View    : setRequestedFrameRate frameRate=-4.0, this=com.getcapacitor.CapacitorWebView{be47855 VFEDHVC.. .F...... 0,0-2560,1600 #7f0a021c app:id/webview aid=1073741824}, caller=android.view.ViewGroup.setRequestedFrameRate:9952 WV.sf.p:1 WV.sg.h:119 WV.sg.onDraw:7 com.android.webview.chromium.WebViewChromium.onDraw:19 
04-20 15:04:16.844 15789 15789 I View    : setRequestedFrameRate frameRate=-4.0, this=com.getcapacitor.CapacitorWebView{be47855 VFEDHVC.. .F...... 0,0-2560,1600 #7f0a021c app:id/webview aid=1073741824}, caller=android.view.ViewGroup.setRequestedFrameRate:9952 WV.sf.p:1 WV.sg.h:119 WV.sg.onDraw:7 com.android.webview.chromium.WebViewChromium.onDraw:19 
04-20 15:04:16.857 15789 15789 I View    : setRequestedFrameRate frameRate=-4.0, this=com.getcapacitor.CapacitorWebView{be47855 VFEDHVC.. .F...... 0,0-2560,1600 #7f0a021c app:id/webview aid=1073741824}, caller=android.view.ViewGroup.setRequestedFrameRate:9952 WV.sf.p:1 WV.sg.h:119 WV.sg.onDraw:7 com.android.webview.chromium.WebViewChromium.onDraw:19 
04-20 15:04:16.868 15789 15789 I View    : setRequestedFrameRate frameRate=-4.0, this=com.getcapacitor.CapacitorWebView{be47855 VFEDHVC.. .F...... 0,0-2560,1600 #7f0a021c app:id/webview aid=1073741824}, caller=android.view.ViewGroup.setRequestedFrameRate:9952 WV.sf.p:1 WV.sg.h:119 WV.sg.onDraw:7 com.android.webview.chromium.WebViewChromium.onDraw:19 
04-20 15:04:16.880 15789 15789 I View    : setRequestedFrameRate frameRate=-4.0, this=com.getcapacitor.CapacitorWebView{be47855 VFEDHVC.. .F...... 0,0-2560,1600 #7f0a021c app:id/webview aid=1073741824}, caller=android.view.ViewGroup.setRequestedFrameRate:9952 WV.sf.p:1 WV.sg.h:119 WV.sg.onDraw:7 com.android.webview.chromium.WebViewChromium.onDraw:19 
04-20 15:04:16.892 15789 15789 I View    : setRequestedFrameRate frameRate=-4.0, this=com.getcapacitor.CapacitorWebView{be47855 VFEDHVC.. .F...... 0,0-2560,1600 #7f0a021c app:id/webview aid=1073741824}, caller=android.view.ViewGroup.setRequestedFrameRate:9952 WV.sf.p:1 WV.sg.h:119 WV.sg.onDraw:7 com.android.webview.chromium.WebViewChromium.onDraw:19 
04-20 15:04:16.902 15789 15789 I View    : setRequestedFrameRate frameRate=-4.0, this=com.getcapacitor.CapacitorWebView{be47855 VFEDHVC.. .F...... 0,0-2560,1600 #7f0a021c app:id/webview aid=1073741824}, caller=android.view.ViewGroup.setRequestedFrameRate:9952 WV.sf.p:1 WV.sg.h:119 WV.sg.onDraw:7 com.android.webview.chromium.WebViewChromium.onDraw:19 
04-20 15:04:16.914 15789 15789 I View    : setRequestedFrameRate frameRate=-4.0, this=com.getcapacitor.CapacitorWebView{be47855 VFEDHVC.. .F...... 0,0-2560,1600 #7f0a021c app:id/webview aid=1073741824}, caller=android.view.ViewGroup.setRequestedFrameRate:9952 WV.sf.p:1 WV.sg.h:119 WV.sg.onDraw:7 com.android.webview.chromium.WebViewChromium.onDraw:19 
04-20 15:04:16.924 15789 15789 I View    : setRequestedFrameRate frameRate=-4.0, this=com.getcapacitor.CapacitorWebView{be47855 VFEDHVC.. .F...... 0,0-2560,1600 #7f0a021c app:id/webview aid=1073741824}, caller=android.view.ViewGroup.setRequestedFrameRate:9952 WV.sf.p:1 WV.sg.h:119 WV.sg.onDraw:7 com.android.webview.chromium.WebViewChromium.onDraw:19 
04-20 15:04:16.937 15789 15789 I View    : setRequestedFrameRate frameRate=-4.0, this=com.getcapacitor.CapacitorWebView{be47855 VFEDHVC.. .F...... 0,0-2560,1600 #7f0a021c app:id/webview aid=1073741824}, caller=android.view.ViewGroup.setRequestedFrameRate:9952 WV.sf.p:1 WV.sg.h:119 WV.sg.onDraw:7 com.android.webview.chromium.WebViewChromium.onDraw:19 
04-20 15:04:16.950 15789 15789 I View    : setRequestedFrameRate frameRate=-4.0, this=com.getcapacitor.CapacitorWebView{be47855 VFEDHVC.. .F...... 0,0-2560,1600 #7f0a021c app:id/webview aid=1073741824}, caller=android.view.ViewGroup.setRequestedFrameRate:9952 WV.sf.p:1 WV.sg.h:119 WV.sg.onDraw:7 com.android.webview.chromium.WebViewChromium.onDraw:19 
04-20 15:04:16.961 15789 15789 I View    : setRequestedFrameRate frameRate=-4.0, this=com.getcapacitor.CapacitorWebView{be47855 VFEDHVC.. .F...... 0,0-2560,1600 #7f0a021c app:id/webview aid=1073741824}, caller=android.view.ViewGroup.setRequestedFrameRate:9952 WV.sf.p:1 WV.sg.h:119 WV.sg.onDraw:7 com.android.webview.chromium.WebViewChromium.onDraw:19 
04-20 15:04:16.974 15789 15789 I View    : setRequestedFrameRate frameRate=-4.0, this=com.getcapacitor.CapacitorWebView{be47855 VFEDHVC.. .F...... 0,0-2560,1600 #7f0a021c app:id/webview aid=1073741824}, caller=android.view.ViewGroup.setRequestedFrameRate:9952 WV.sf.p:1 WV.sg.h:119 WV.sg.onDraw:7 com.android.webview.chromium.WebViewChromium.onDraw:19 
04-20 15:04:16.981 15789 15789 I View    : setRequestedFrameRate frameRate=-4.0, this=com.getcapacitor.CapacitorWebView{be47855 VFEDHVC.. .F...... 0,0-2560,1600 #7f0a021c app:id/webview aid=1073741824}, caller=android.view.ViewGroup.setRequestedFrameRate:9952 WV.sf.p:1 WV.sg.h:119 WV.sg.onDraw:7 com.android.webview.chromium.WebViewChromium.onDraw:19 
04-20 15:04:16.991 15789 15789 I View    : setRequestedFrameRate frameRate=-4.0, this=com.getcapacitor.CapacitorWebView{be47855 VFEDHVC.. .F...... 0,0-2560,1600 #7f0a021c app:id/webview aid=1073741824}, caller=android.view.ViewGroup.setRequestedFrameRate:9952 WV.sf.p:1 WV.sg.h:119 WV.sg.onDraw:7 com.android.webview.chromium.WebViewChromium.onDraw:19 
04-20 15:04:17.005 15789 15789 I View    : setRequestedFrameRate frameRate=-4.0, this=com.getcapacitor.CapacitorWebView{be47855 VFEDHVC.. .F...... 0,0-2560,1600 #7f0a021c app:id/webview aid=1073741824}, caller=android.view.ViewGroup.setRequestedFrameRate:9952 WV.sf.p:1 WV.sg.h:119 WV.sg.onDraw:7 com.android.webview.chromium.WebViewChromium.onDraw:19 
04-20 15:04:17.016 15789 15789 I View    : setRequestedFrameRate frameRate=-4.0, this=com.getcapacitor.CapacitorWebView{be47855 VFEDHVC.. .F...... 0,0-2560,1600 #7f0a021c app:id/webview aid=1073741824}, caller=android.view.ViewGroup.setRequestedFrameRate:9952 WV.sf.p:1 WV.sg.h:119 WV.sg.onDraw:7 com.android.webview.chromium.WebViewChromium.onDraw:19 
04-20 15:04:17.029 15789 15789 I View    : setRequestedFrameRate frameRate=-4.0, this=com.getcapacitor.CapacitorWebView{be47855 VFEDHVC.. .F...... 0,0-2560,1600 #7f0a021c app:id/webview aid=1073741824}, caller=android.view.ViewGroup.setRequestedFrameRate:9952 WV.sf.p:1 WV.sg.h:119 WV.sg.onDraw:7 com.android.webview.chromium.WebViewChromium.onDraw:19 
04-20 15:04:17.042 15789 15789 I View    : setRequestedFrameRate frameRate=-4.0, this=com.getcapacitor.CapacitorWebView{be47855 VFEDHVC.. .F...... 0,0-2560,1600 #7f0a021c app:id/webview aid=1073741824}, caller=android.view.ViewGroup.setRequestedFrameRate:9952 WV.sf.p:1 WV.sg.h:119 WV.sg.onDraw:7 com.android.webview.chromium.WebViewChromium.onDraw:19 
04-20 15:04:17.042 15789 15893 I CapacitorCookies: Setting cookie '__cf_bm=h3TN4Grzm7fMwBujY8KSKAA6XCtLF9zQJ3.ntY5GC4I-1776708256-1.0.1.1-He71toOsmHkmheyyipnd8p17nNd6k12hWDZxab0GgpxTIipxI4iwrsYaLEaeN9YoC_M1i8j174vYwQZluqJolxCwJguIVpCXJv_5OU4p.vM; path=/; expires=Mon, 20-Apr-26 18:34:16 GMT; domain=.supabase.co; HttpOnly; Secure; SameSite=None' at: 'https://vvmsmrcyovwnfstohbiv.supabase.co/rest/v1/xandeflix_users?select=*&auth_user_id=eq.a8dd961a-a3ad-425e-a36b-41e1b1865d79'
04-20 15:04:17.049 15789 15890 I CapacitorCookies: Setting cookie '__cf_bm=u5BgRSOwpQThxwMBfTCXupT.uuG9sK5.d.VOoBNu0fg-1776708256-1.0.1.1-V8KxkNFD4TVQh0znak9yNWVlW5KtWQW054EoBDMTuFI0KjzePy4GLCwS27VNhDbCn2wb8RBGAzOx3TinlmRbeIN1V1qsEfjkuM.2AVBVO3U; path=/; expires=Mon, 20-Apr-26 18:34:16 GMT; domain=.supabase.co; HttpOnly; Secure; SameSite=None' at: 'https://vvmsmrcyovwnfstohbiv.supabase.co/rest/v1/xandeflix_users?select=*&auth_user_id=eq.a8dd961a-a3ad-425e-a36b-41e1b1865d79'
04-20 15:04:17.050 15789 15894 I CapacitorCookies: Setting cookie '__cf_bm=LD130Pt4DRPSkHIxmJCPgE.Kh3l0Ayhi0CE9faa58c8-1776708256-1.0.1.1-9N0zEH_ogUO9hCVTT_TangvhkOirkvtdq3Zmra5fjjSHBKY2WrfcNW7yWNRMYTCjed52nOoqoyyvDCoXjCq4f_7lJq8q3cC7YVcHHn35Pr4; path=/; expires=Mon, 20-Apr-26 18:34:16 GMT; domain=.supabase.co; HttpOnly; Secure; SameSite=None' at: 'https://vvmsmrcyovwnfstohbiv.supabase.co/rest/v1/xandeflix_users?select=*&auth_user_id=eq.a8dd961a-a3ad-425e-a36b-41e1b1865d79'
04-20 15:04:17.051 15789 15890 I CapacitorCookies: Setting cookie '__cf_bm=u5BgRSOwpQThxwMBfTCXupT.uuG9sK5.d.VOoBNu0fg-1776708256-1.0.1.1-V8KxkNFD4TVQh0znak9yNWVlW5KtWQW054EoBDMTuFI0KjzePy4GLCwS27VNhDbCn2wb8RBGAzOx3TinlmRbeIN1V1qsEfjkuM.2AVBVO3U; path=/; expires=Mon, 20-Apr-26 18:34:16 GMT; domain=.supabase.co; HttpOnly; Secure; SameSite=None' at: 'https://.supabase.co'
04-20 15:04:17.051 15789 15894 I CapacitorCookies: Setting cookie '__cf_bm=LD130Pt4DRPSkHIxmJCPgE.Kh3l0Ayhi0CE9faa58c8-1776708256-1.0.1.1-9N0zEH_ogUO9hCVTT_TangvhkOirkvtdq3Zmra5fjjSHBKY2WrfcNW7yWNRMYTCjed52nOoqoyyvDCoXjCq4f_7lJq8q3cC7YVcHHn35Pr4; path=/; expires=Mon, 20-Apr-26 18:34:16 GMT; domain=.supabase.co; HttpOnly; Secure; SameSite=None' at: 'https://.supabase.co'
04-20 15:04:17.052 15789 15893 I CapacitorCookies: Setting cookie '__cf_bm=h3TN4Grzm7fMwBujY8KSKAA6XCtLF9zQJ3.ntY5GC4I-1776708256-1.0.1.1-He71toOsmHkmheyyipnd8p17nNd6k12hWDZxab0GgpxTIipxI4iwrsYaLEaeN9YoC_M1i8j174vYwQZluqJolxCwJguIVpCXJv_5OU4p.vM; path=/; expires=Mon, 20-Apr-26 18:34:16 GMT; domain=.supabase.co; HttpOnly; Secure; SameSite=None' at: 'https://.supabase.co'
04-20 15:04:17.066 15789 15789 I View    : setRequestedFrameRate frameRate=-4.0, this=com.getcapacitor.CapacitorWebView{be47855 VFEDHVC.. .F...... 0,0-2560,1600 #7f0a021c app:id/webview aid=1073741824}, caller=android.view.ViewGroup.setRequestedFrameRate:9952 WV.sf.p:1 WV.sg.h:119 WV.sg.onDraw:7 com.android.webview.chromium.WebViewChromium.onDraw:19 
04-20 15:04:17.080 15789 15789 I Capacitor/Console: File: https://localhost/assets/App-D7_KZNSh.js - Line 2 - Msg: [App] Render start.
04-20 15:04:17.083 15789 15789 I View    : setRequestedFrameRate frameRate=-4.0, this=com.getcapacitor.CapacitorWebView{be47855 VFEDHVC.. .F...... 0,0-2560,1600 #7f0a021c app:id/webview aid=1073741824}, caller=android.view.ViewGroup.setRequestedFrameRate:9952 WV.sf.p:1 WV.sg.h:119 WV.sg.onDraw:7 com.android.webview.chromium.WebViewChromium.onDraw:19 
04-20 15:04:17.095 15789 15789 I View    : setRequestedFrameRate frameRate=-4.0, this=com.getcapacitor.CapacitorWebView{be47855 VFEDHVC.. .F...... 0,0-2560,1600 #7f0a021c app:id/webview aid=1073741824}, caller=android.view.ViewGroup.setRequestedFrameRate:9952 WV.sf.p:1 WV.sg.h:119 WV.sg.onDraw:7 com.android.webview.chromium.WebViewChromium.onDraw:19 
04-20 15:04:17.113 15789 15789 I Capacitor/Console: File: https://localhost/assets/App-D7_KZNSh.js - Line 2 - Msg: [LoadingScreen] Renderizado: [object Object]
04-20 15:04:17.114 15789 15789 I Capacitor/Console: File: https://localhost/assets/App-D7_KZNSh.js - Line 2 - Msg: [Diagnostic] [Sistema] Iniciando sincronizacao da conta...
04-20 15:04:17.114 15789 15789 I Capacitor/Console: File: https://localhost/assets/App-D7_KZNSh.js - Line 2 - Msg: [Diagnostic] [Local] Validando a sessão do usuário no Supabase...
04-20 15:04:17.114 15789 15789 I Capacitor/Console: File: https://localhost/assets/App-D7_KZNSh.js - Line 2 - Msg: [HomeScreen] Gate de render: [object Object]
04-20 15:04:17.114 15789 15789 I Capacitor/Console: File: https://localhost/assets/App-D7_KZNSh.js - Line 2 - Msg: [App] Estado de renderizacao: [object Object]
04-20 15:04:17.121 15789 15789 I Capacitor/Console: File: https://localhost/assets/App-D7_KZNSh.js - Line 2 - Msg: [LoadingScreen] Renderizado: [object Object]
04-20 15:04:17.121 15789 15789 I Capacitor/Console: File: https://localhost/assets/App-D7_KZNSh.js - Line 2 - Msg: [HomeScreen] Gate de render: [object Object]
04-20 15:04:17.126 15789 15789 I View    : setRequestedFrameRate frameRate=-4.0, this=com.getcapacitor.CapacitorWebView{be47855 VFEDHVC.. .F...... 0,0-2560,1600 #7f0a021c app:id/webview aid=1073741824}, caller=android.view.ViewGroup.setRequestedFrameRate:9952 WV.sf.p:1 WV.sg.h:119 WV.sg.onDraw:7 com.android.webview.chromium.WebViewChromium.onDraw:19 
04-20 15:04:17.132 15789 15890 D Capacitor: Handling CapacitorHttp request: https://localhost/_capacitor_http_interceptor_?u=https%3A%2F%2Fvvmsmrcyovwnfstohbiv.supabase.co%2Frest%2Fv1%2Fxandeflix_users%3Fselect%3D*%26auth_user_id%3Deq.a8dd961a-a3ad-425e-a36b-41e1b1865d79
04-20 15:04:17.134 15789 15890 I CapacitorCookies: Getting cookies at: 'https://vvmsmrcyovwnfstohbiv.supabase.co/rest/v1/xandeflix_users?select=*&auth_user_id=eq.a8dd961a-a3ad-425e-a36b-41e1b1865d79'
04-20 15:04:17.135 15789 15789 I View    : setRequestedFrameRate frameRate=-4.0, this=com.getcapacitor.CapacitorWebView{be47855 VFEDHVC.. .F...... 0,0-2560,1600 #7f0a021c app:id/webview aid=1073741824}, caller=android.view.ViewGroup.setRequestedFrameRate:9952 WV.sf.p:1 WV.sg.h:119 WV.sg.onDraw:7 com.android.webview.chromium.WebViewChromium.onDraw:19 
